src/lib/auth.ts(6,52): error TS2349: This expression is not callable.
  Type 'typeof import("next-auth")' has no call signatures.
src/lib/auth.ts(47,21): error TS7031: Binding element 'token' implicitly has an 'any' type.
src/lib/auth.ts(47,28): error TS7031: Binding element 'user' implicitly has an 'any' type.
src/lib/auth.ts(53,25): error TS7031: Binding element 'session' implicitly has an 'any' type.
src/lib/auth.ts(53,34): error TS7031: Binding element 'token' implicitly has an 'any' type.
src/middleware.ts(4,22): error TS7006: Parameter 'req' implicitly has an 'any' type.
